../Drivers/BSP/Components/lps22hb/lps22hb.c:92:9:LPS22HB_RegisterBusIO	24	static
../Drivers/BSP/Components/lps22hb/lps22hb.c:149:9:LPS22HB_Init	16	static
../Drivers/BSP/Components/lps22hb/lps22hb.c:169:9:LPS22HB_DeInit	16	static
../Drivers/BSP/Components/lps22hb/lps22hb.c:195:9:LPS22HB_ReadID	16	static
../Drivers/BSP/Components/lps22hb/lps22hb.c:211:9:LPS22HB_GetCapabilities	16	static
../Drivers/BSP/Components/lps22hb/lps22hb.c:232:9:LPS22HB_Get_Init_Status	16	static
../Drivers/BSP/Components/lps22hb/lps22hb.c:249:9:LPS22HB_PRESS_Enable	16	static
../Drivers/BSP/Components/lps22hb/lps22hb.c:273:9:LPS22HB_PRESS_Disable	16	static
../Drivers/BSP/Components/lps22hb/lps22hb.c:309:9:LPS22HB_PRESS_GetOutputDataRate	16	static
../Drivers/BSP/Components/lps22hb/lps22hb.c:320:9:LPS22HB_PRESS_SetOutputDataRate	16	static
../Drivers/BSP/Components/lps22hb/lps22hb.c:339:9:LPS22HB_PRESS_GetPressure	24	static
../Drivers/BSP/Components/lps22hb/lps22hb.c:360:9:LPS22HB_PRESS_Get_DRDY_Status	16	static
../Drivers/BSP/Components/lps22hb/lps22hb.c:375:9:LPS22HB_TEMP_Enable	16	static
../Drivers/BSP/Components/lps22hb/lps22hb.c:399:9:LPS22HB_TEMP_Disable	16	static
../Drivers/BSP/Components/lps22hb/lps22hb.c:435:9:LPS22HB_TEMP_GetOutputDataRate	16	static
../Drivers/BSP/Components/lps22hb/lps22hb.c:446:9:LPS22HB_TEMP_SetOutputDataRate	16	static
../Drivers/BSP/Components/lps22hb/lps22hb.c:465:9:LPS22HB_TEMP_GetTemperature	24	static
../Drivers/BSP/Components/lps22hb/lps22hb.c:486:9:LPS22HB_TEMP_Get_DRDY_Status	16	static
../Drivers/BSP/Components/lps22hb/lps22hb.c:502:9:LPS22HB_FIFO_Get_Data	24	static
../Drivers/BSP/Components/lps22hb/lps22hb.c:523:9:LPS22HB_FIFO_Get_FTh_Status	16	static
../Drivers/BSP/Components/lps22hb/lps22hb.c:539:9:LPS22HB_FIFO_Get_Full_Status	16	static
../Drivers/BSP/Components/lps22hb/lps22hb.c:560:9:LPS22HB_FIFO_Get_Level	16	static
../Drivers/BSP/Components/lps22hb/lps22hb.c:576:9:LPS22HB_FIFO_Get_Ovr_Status	16	static
../Drivers/BSP/Components/lps22hb/lps22hb.c:592:9:LPS22HB_FIFO_Reset_Interrupt	16	static
../Drivers/BSP/Components/lps22hb/lps22hb.c:627:9:LPS22HB_FIFO_Set_Interrupt	16	static
../Drivers/BSP/Components/lps22hb/lps22hb.c:662:9:LPS22HB_FIFO_Set_Mode	16	static
../Drivers/BSP/Components/lps22hb/lps22hb.c:693:9:LPS22HB_FIFO_Set_Watermark_Level	16	static
../Drivers/BSP/Components/lps22hb/lps22hb.c:709:9:LPS22HB_FIFO_Usage	16	static
../Drivers/BSP/Components/lps22hb/lps22hb.c:727:9:LPS22HB_Read_Reg	24	static
../Drivers/BSP/Components/lps22hb/lps22hb.c:744:9:LPS22HB_Write_Reg	16	static
../Drivers/BSP/Components/lps22hb/lps22hb.c:768:9:LPS22HB_Get_Temp	24	static
../Drivers/BSP/Components/lps22hb/lps22hb.c:789:16:LPS22HB_GetOutputDataRate	24	static
../Drivers/BSP/Components/lps22hb/lps22hb.c:839:16:LPS22HB_SetOutputDataRate_When_Enabled	24	static
../Drivers/BSP/Components/lps22hb/lps22hb.c:868:16:LPS22HB_SetOutputDataRate_When_Disabled	16	static
../Drivers/BSP/Components/lps22hb/lps22hb.c:884:16:LPS22HB_Initialize	16	static
../Drivers/BSP/Components/lps22hb/lps22hb.c:934:9:LPS22HB_Set_One_Shot	16	static
../Drivers/BSP/Components/lps22hb/lps22hb.c:957:9:LPS22HB_Get_One_Shot_Status	24	static
../Drivers/BSP/Components/lps22hb/lps22hb.c:994:16:ReadRegWrap	48	static
../Drivers/BSP/Components/lps22hb/lps22hb.c:1027:16:WriteRegWrap	48	static
