../Drivers/BSP/Components/lsm6dsl/lsm6dsl.c:100:9:LSM6DSL_RegisterBusIO	24	static
../Drivers/BSP/Components/lsm6dsl/lsm6dsl.c:157:9:LSM6DSL_Init	16	static
../Drivers/BSP/Components/lsm6dsl/lsm6dsl.c:218:9:LSM6DSL_DeInit	16	static
../Drivers/BSP/Components/lsm6dsl/lsm6dsl.c:246:9:LSM6DSL_ReadID	16	static
../Drivers/BSP/Components/lsm6dsl/lsm6dsl.c:262:9:LSM6DSL_GetCapabilities	16	static
../Drivers/BSP/Components/lsm6dsl/lsm6dsl.c:285:9:LSM6DSL_ACC_Enable	16	static
../Drivers/BSP/Components/lsm6dsl/lsm6dsl.c:309:9:LSM6DSL_ACC_Disable	16	static
../Drivers/BSP/Components/lsm6dsl/lsm6dsl.c:340:9:LSM6DSL_ACC_GetSensitivity	24	static
../Drivers/BSP/Components/lsm6dsl/lsm6dsl.c:384:9:LSM6DSL_ACC_GetOutputDataRate	24	static
../Drivers/BSP/Components/lsm6dsl/lsm6dsl.c:459:9:LSM6DSL_ACC_SetOutputDataRate	16	static
../Drivers/BSP/Components/lsm6dsl/lsm6dsl.c:478:9:LSM6DSL_ACC_GetFullScale	24	static
../Drivers/BSP/Components/lsm6dsl/lsm6dsl.c:521:9:LSM6DSL_ACC_SetFullScale	24	static
../Drivers/BSP/Components/lsm6dsl/lsm6dsl.c:546:9:LSM6DSL_ACC_GetAxesRaw	24	static
../Drivers/BSP/Components/lsm6dsl/lsm6dsl.c:570:9:LSM6DSL_ACC_GetAxes	32	static
../Drivers/BSP/Components/lsm6dsl/lsm6dsl.c:600:9:LSM6DSL_GYRO_Enable	16	static
../Drivers/BSP/Components/lsm6dsl/lsm6dsl.c:624:9:LSM6DSL_GYRO_Disable	16	static
../Drivers/BSP/Components/lsm6dsl/lsm6dsl.c:655:9:LSM6DSL_GYRO_GetSensitivity	24	static
../Drivers/BSP/Components/lsm6dsl/lsm6dsl.c:703:9:LSM6DSL_GYRO_GetOutputDataRate	24	static
../Drivers/BSP/Components/lsm6dsl/lsm6dsl.c:774:9:LSM6DSL_GYRO_SetOutputDataRate	16	static
../Drivers/BSP/Components/lsm6dsl/lsm6dsl.c:793:9:LSM6DSL_GYRO_GetFullScale	24	static
../Drivers/BSP/Components/lsm6dsl/lsm6dsl.c:840:9:LSM6DSL_GYRO_SetFullScale	24	static
../Drivers/BSP/Components/lsm6dsl/lsm6dsl.c:864:9:LSM6DSL_GYRO_GetAxesRaw	24	static
../Drivers/BSP/Components/lsm6dsl/lsm6dsl.c:888:9:LSM6DSL_GYRO_GetAxes	32	static
../Drivers/BSP/Components/lsm6dsl/lsm6dsl.c:920:9:LSM6DSL_Read_Reg	24	static
../Drivers/BSP/Components/lsm6dsl/lsm6dsl.c:937:9:LSM6DSL_Write_Reg	16	static
../Drivers/BSP/Components/lsm6dsl/lsm6dsl.c:953:9:LSM6DSL_Set_Interrupt_Latch	16	static
../Drivers/BSP/Components/lsm6dsl/lsm6dsl.c:974:9:LSM6DSL_ACC_Enable_Free_Fall_Detection	32	static
../Drivers/BSP/Components/lsm6dsl/lsm6dsl.c:1066:9:LSM6DSL_ACC_Disable_Free_Fall_Detection	24	static
../Drivers/BSP/Components/lsm6dsl/lsm6dsl.c:1117:9:LSM6DSL_ACC_Set_Free_Fall_Threshold	16	static
../Drivers/BSP/Components/lsm6dsl/lsm6dsl.c:1133:9:LSM6DSL_ACC_Set_Free_Fall_Duration	16	static
../Drivers/BSP/Components/lsm6dsl/lsm6dsl.c:1148:9:LSM6DSL_ACC_Enable_Pedometer	24	static
../Drivers/BSP/Components/lsm6dsl/lsm6dsl.c:1197:9:LSM6DSL_ACC_Disable_Pedometer	24	static
../Drivers/BSP/Components/lsm6dsl/lsm6dsl.c:1235:9:LSM6DSL_ACC_Get_Step_Count	16	static
../Drivers/BSP/Components/lsm6dsl/lsm6dsl.c:1250:9:LSM6DSL_ACC_Enable_Step_Counter_Reset	16	static
../Drivers/BSP/Components/lsm6dsl/lsm6dsl.c:1265:9:LSM6DSL_ACC_Disable_Step_Counter_Reset	16	static
../Drivers/BSP/Components/lsm6dsl/lsm6dsl.c:1281:9:LSM6DSL_ACC_Set_Pedometer_Threshold	16	static
../Drivers/BSP/Components/lsm6dsl/lsm6dsl.c:1297:9:LSM6DSL_ACC_Enable_Tilt_Detection	32	static
../Drivers/BSP/Components/lsm6dsl/lsm6dsl.c:1365:9:LSM6DSL_ACC_Disable_Tilt_Detection	24	static
../Drivers/BSP/Components/lsm6dsl/lsm6dsl.c:1410:9:LSM6DSL_ACC_Enable_Wake_Up_Detection	32	static
../Drivers/BSP/Components/lsm6dsl/lsm6dsl.c:1484:9:LSM6DSL_ACC_Disable_Wake_Up_Detection	24	static
../Drivers/BSP/Components/lsm6dsl/lsm6dsl.c:1535:9:LSM6DSL_ACC_Set_Wake_Up_Threshold	16	static
../Drivers/BSP/Components/lsm6dsl/lsm6dsl.c:1552:9:LSM6DSL_ACC_Set_Wake_Up_Duration	16	static
../Drivers/BSP/Components/lsm6dsl/lsm6dsl.c:1569:9:LSM6DSL_ACC_Enable_Inactivity_Detection	32	static
../Drivers/BSP/Components/lsm6dsl/lsm6dsl.c:1639:9:LSM6DSL_ACC_Disable_Inactivity_Detection	24	static
../Drivers/BSP/Components/lsm6dsl/lsm6dsl.c:1696:9:LSM6DSL_ACC_Set_Sleep_Duration	16	static
../Drivers/BSP/Components/lsm6dsl/lsm6dsl.c:1713:9:LSM6DSL_ACC_Enable_Single_Tap_Detection	32	static
../Drivers/BSP/Components/lsm6dsl/lsm6dsl.c:1815:9:LSM6DSL_ACC_Disable_Single_Tap_Detection	24	static
../Drivers/BSP/Components/lsm6dsl/lsm6dsl.c:1890:9:LSM6DSL_ACC_Enable_Double_Tap_Detection	32	static
../Drivers/BSP/Components/lsm6dsl/lsm6dsl.c:2000:9:LSM6DSL_ACC_Disable_Double_Tap_Detection	24	static
../Drivers/BSP/Components/lsm6dsl/lsm6dsl.c:2087:9:LSM6DSL_ACC_Set_Tap_Threshold	16	static
../Drivers/BSP/Components/lsm6dsl/lsm6dsl.c:2104:9:LSM6DSL_ACC_Set_Tap_Shock_Time	16	static
../Drivers/BSP/Components/lsm6dsl/lsm6dsl.c:2121:9:LSM6DSL_ACC_Set_Tap_Quiet_Time	16	static
../Drivers/BSP/Components/lsm6dsl/lsm6dsl.c:2138:9:LSM6DSL_ACC_Set_Tap_Duration_Time	16	static
../Drivers/BSP/Components/lsm6dsl/lsm6dsl.c:2155:9:LSM6DSL_ACC_Enable_6D_Orientation	32	static
../Drivers/BSP/Components/lsm6dsl/lsm6dsl.c:2223:9:LSM6DSL_ACC_Disable_6D_Orientation	24	static
../Drivers/BSP/Components/lsm6dsl/lsm6dsl.c:2268:9:LSM6DSL_ACC_Set_6D_Orientation_Threshold	16	static
../Drivers/BSP/Components/lsm6dsl/lsm6dsl.c:2284:9:LSM6DSL_ACC_Get_6D_Orientation_XL	24	static
../Drivers/BSP/Components/lsm6dsl/lsm6dsl.c:2304:9:LSM6DSL_ACC_Get_6D_Orientation_XH	24	static
../Drivers/BSP/Components/lsm6dsl/lsm6dsl.c:2324:9:LSM6DSL_ACC_Get_6D_Orientation_YL	24	static
../Drivers/BSP/Components/lsm6dsl/lsm6dsl.c:2344:9:LSM6DSL_ACC_Get_6D_Orientation_YH	24	static
../Drivers/BSP/Components/lsm6dsl/lsm6dsl.c:2364:9:LSM6DSL_ACC_Get_6D_Orientation_ZL	24	static
../Drivers/BSP/Components/lsm6dsl/lsm6dsl.c:2384:9:LSM6DSL_ACC_Get_6D_Orientation_ZH	24	static
../Drivers/BSP/Components/lsm6dsl/lsm6dsl.c:2404:9:LSM6DSL_ACC_Get_Event_Status	48	static
../Drivers/BSP/Components/lsm6dsl/lsm6dsl.c:2524:9:LSM6DSL_ACC_Set_SelfTest	24	static
../Drivers/BSP/Components/lsm6dsl/lsm6dsl.c:2547:9:LSM6DSL_ACC_Get_DRDY_Status	16	static
../Drivers/BSP/Components/lsm6dsl/lsm6dsl.c:2563:9:LSM6DSL_ACC_Get_Init_Status	16	static
../Drivers/BSP/Components/lsm6dsl/lsm6dsl.c:2581:9:LSM6DSL_ACC_Set_INT1_DRDY	24	static
../Drivers/BSP/Components/lsm6dsl/lsm6dsl.c:2613:9:LSM6DSL_GYRO_Set_SelfTest	24	static
../Drivers/BSP/Components/lsm6dsl/lsm6dsl.c:2637:9:LSM6DSL_GYRO_Get_DRDY_Status	16	static
../Drivers/BSP/Components/lsm6dsl/lsm6dsl.c:2653:9:LSM6DSL_GYRO_Get_Init_Status	16	static
../Drivers/BSP/Components/lsm6dsl/lsm6dsl.c:2671:9:LSM6DSL_GYRO_Set_INT1_DRDY	24	static
../Drivers/BSP/Components/lsm6dsl/lsm6dsl.c:2703:9:LSM6DSL_Set_DRDY_Mode	24	static
../Drivers/BSP/Components/lsm6dsl/lsm6dsl.c:2725:9:LSM6DSL_FIFO_Get_Num_Samples	16	static
../Drivers/BSP/Components/lsm6dsl/lsm6dsl.c:2741:9:LSM6DSL_FIFO_Get_Full_Status	24	static
../Drivers/BSP/Components/lsm6dsl/lsm6dsl.c:2761:9:LSM6DSL_FIFO_Set_ODR_Value	24	static
../Drivers/BSP/Components/lsm6dsl/lsm6dsl.c:2790:9:LSM6DSL_FIFO_Set_INT1_FIFO_Full	24	static
../Drivers/BSP/Components/lsm6dsl/lsm6dsl.c:2815:9:LSM6DSL_FIFO_Set_Watermark_Level	16	static
../Drivers/BSP/Components/lsm6dsl/lsm6dsl.c:2831:9:LSM6DSL_FIFO_Set_Stop_On_Fth	16	static
../Drivers/BSP/Components/lsm6dsl/lsm6dsl.c:2847:9:LSM6DSL_FIFO_Set_Mode	24	static
../Drivers/BSP/Components/lsm6dsl/lsm6dsl.c:2885:9:LSM6DSL_FIFO_Get_Pattern	16	static
../Drivers/BSP/Components/lsm6dsl/lsm6dsl.c:2901:9:LSM6DSL_FIFO_Get_Data	16	static
../Drivers/BSP/Components/lsm6dsl/lsm6dsl.c:2917:9:LSM6DSL_FIFO_ACC_Set_Decimation	24	static
../Drivers/BSP/Components/lsm6dsl/lsm6dsl.c:2958:9:LSM6DSL_FIFO_ACC_Get_Axis	32	static
../Drivers/BSP/Components/lsm6dsl/lsm6dsl.c:2989:9:LSM6DSL_FIFO_GYRO_Set_Decimation	24	static
../Drivers/BSP/Components/lsm6dsl/lsm6dsl.c:3030:9:LSM6DSL_FIFO_GYRO_Get_Axis	32	static
../Drivers/BSP/Components/lsm6dsl/lsm6dsl.c:3069:16:LSM6DSL_ACC_SetOutputDataRate_When_Enabled	24	static
../Drivers/BSP/Components/lsm6dsl/lsm6dsl.c:3099:16:LSM6DSL_ACC_SetOutputDataRate_When_Disabled	16	static
../Drivers/BSP/Components/lsm6dsl/lsm6dsl.c:3121:16:LSM6DSL_GYRO_SetOutputDataRate_When_Enabled	24	static
../Drivers/BSP/Components/lsm6dsl/lsm6dsl.c:3151:16:LSM6DSL_GYRO_SetOutputDataRate_When_Disabled	16	static
../Drivers/BSP/Components/lsm6dsl/lsm6dsl.c:3175:16:ReadRegWrap	40	static
../Drivers/BSP/Components/lsm6dsl/lsm6dsl.c:3190:16:WriteRegWrap	40	static
