../Core/Src/debug_analyzer.c:12:6:DebugExtAnalyzerPulse1	8	static
../Core/Src/debug_analyzer.c:19:6:DebugExtAnalyzerSet1	8	static
../Core/Src/debug_analyzer.c:25:6:DebugExtAnalyzerReset1	8	static
../Core/Src/debug_analyzer.c:31:6:DebugExtAnalyzerPulse2	8	static
../Core/Src/debug_analyzer.c:38:6:DebugExtAnalyzerSet2	8	static
../Core/Src/debug_analyzer.c:44:6:DebugExtAnalyzerReset2	8	static
../Core/Src/debug_analyzer.c:50:6:DebugExtAnalyzerPulse3	8	static
../Core/Src/debug_analyzer.c:57:6:DebugExtAnalyzerSet3	8	static
../Core/Src/debug_analyzer.c:63:6:DebugExtAnalyzerReset3	8	static
