../Core/Src/main.c:107:5:main	8	static
../Core/Src/main.c:191:6:SystemClock_Config	88	static
../Core/Src/main.c:249:13:MX_ETH_Init	8	static
../Core/Src/main.c:298:13:MX_USART3_UART_Init	8	static
../Core/Src/main.c:333:13:MX_USB_OTG_FS_PCD_Init	8	static
../Core/Src/main.c:366:13:MX_DMA_Init	16	static
../Core/Src/main.c:387:13:MX_GPIO_Init	56	static
../Core/Src/main.c:470:6:HAL_GPIO_EXTI_Callback	16	static
../Core/Src/main.c:492:6:HAL_I2C_MemRxCpltCallback	16	static
../Core/Src/main.c:497:6:AccGyroCallback	48	static
../Core/Src/main.c:542:13:MagCallback	16	static
../Core/Src/main.c:558:6:StartDefaultTask	16	static
../Core/Src/main.c:580:6:HAL_TIM_PeriodElapsedCallback	16	static
../Core/Src/main.c:597:6:Error_Handler	4	static,ignoring_inline_asm
../Core/Src/main.c:615:6:assert_failed	16	static
