../Core/Src/main.c:107:5:main	8	static
../Core/Src/main.c:190:6:SystemClock_Config	88	static
../Core/Src/main.c:248:13:MX_ETH_Init	8	static
../Core/Src/main.c:297:13:MX_USART3_UART_Init	8	static
../Core/Src/main.c:332:13:MX_USB_OTG_FS_PCD_Init	8	static
../Core/Src/main.c:365:13:MX_DMA_Init	16	static
../Core/Src/main.c:386:13:MX_GPIO_Init	56	static
../Core/Src/main.c:449:6:HAL_GPIO_EXTI_Callback	16	static
../Core/Src/main.c:471:6:HAL_I2C_MemRxCpltCallback	16	static
../Core/Src/main.c:484:6:StartDefaultTask	16	static
../Core/Src/main.c:497:6:AccGyroCallback	16	static
../Core/Src/main.c:502:13:MagCallback	16	static
../Core/Src/main.c:516:6:HAL_TIM_PeriodElapsedCallback	16	static
../Core/Src/main.c:533:6:Error_Handler	4	static,ignoring_inline_asm
../Core/Src/main.c:551:6:assert_failed	16	static
