../Drivers/BSP/Components/lsm303agr/lsm303agr.c:111:9:LSM303AGR_ACC_RegisterBusIO	24	static
../Drivers/BSP/Components/lsm303agr/lsm303agr.c:168:9:LSM303AGR_ACC_Init	16	static
../Drivers/BSP/Components/lsm303agr/lsm303agr.c:207:9:LSM303AGR_ACC_DeInit	16	static
../Drivers/BSP/Components/lsm303agr/lsm303agr.c:228:9:LSM303AGR_ACC_ReadID	16	static
../Drivers/BSP/Components/lsm303agr/lsm303agr.c:244:9:LSM303AGR_ACC_GetCapabilities	16	static
../Drivers/BSP/Components/lsm303agr/lsm303agr.c:267:9:LSM303AGR_ACC_Enable	16	static
../Drivers/BSP/Components/lsm303agr/lsm303agr.c:291:9:LSM303AGR_ACC_Disable	16	static
../Drivers/BSP/Components/lsm303agr/lsm303agr.c:322:9:LSM303AGR_ACC_GetSensitivity	24	static
../Drivers/BSP/Components/lsm303agr/lsm303agr.c:371:9:LSM303AGR_ACC_GetOutputDataRate	24	static
../Drivers/BSP/Components/lsm303agr/lsm303agr.c:493:9:LSM303AGR_ACC_SetOutputDataRate	16	static
../Drivers/BSP/Components/lsm303agr/lsm303agr.c:512:9:LSM303AGR_ACC_GetFullScale	24	static
../Drivers/BSP/Components/lsm303agr/lsm303agr.c:555:9:LSM303AGR_ACC_SetFullScale	24	static
../Drivers/BSP/Components/lsm303agr/lsm303agr.c:578:9:LSM303AGR_ACC_GetAxesRaw	40	static
../Drivers/BSP/Components/lsm303agr/lsm303agr.c:636:9:LSM303AGR_ACC_GetAxes	32	static
../Drivers/BSP/Components/lsm303agr/lsm303agr.c:668:9:LSM303AGR_ACC_Read_Reg	24	static
../Drivers/BSP/Components/lsm303agr/lsm303agr.c:685:9:LSM303AGR_ACC_Write_Reg	16	static
../Drivers/BSP/Components/lsm303agr/lsm303agr.c:701:9:LSM303AGR_ACC_Get_DRDY_Status	16	static
../Drivers/BSP/Components/lsm303agr/lsm303agr.c:717:9:LSM303AGR_ACC_Get_Init_Status	16	static
../Drivers/BSP/Components/lsm303agr/lsm303agr.c:734:9:LSM303AGR_MAG_RegisterBusIO	24	static
../Drivers/BSP/Components/lsm303agr/lsm303agr.c:789:9:LSM303AGR_MAG_Init	16	static
../Drivers/BSP/Components/lsm303agr/lsm303agr.c:825:9:LSM303AGR_MAG_DeInit	16	static
../Drivers/BSP/Components/lsm303agr/lsm303agr.c:844:9:LSM303AGR_MAG_ReadID	16	static
../Drivers/BSP/Components/lsm303agr/lsm303agr.c:860:9:LSM303AGR_MAG_GetCapabilities	16	static
../Drivers/BSP/Components/lsm303agr/lsm303agr.c:883:9:LSM303AGR_MAG_Enable	16	static
../Drivers/BSP/Components/lsm303agr/lsm303agr.c:907:9:LSM303AGR_MAG_Disable	16	static
../Drivers/BSP/Components/lsm303agr/lsm303agr.c:932:9:LSM303AGR_MAG_GetSensitivity	16	static
../Drivers/BSP/Components/lsm303agr/lsm303agr.c:945:9:LSM303AGR_MAG_GetOutputDataRate	24	static
../Drivers/BSP/Components/lsm303agr/lsm303agr.c:988:9:LSM303AGR_MAG_SetOutputDataRate	24	static
../Drivers/BSP/Components/lsm303agr/lsm303agr.c:1012:9:LSM303AGR_MAG_GetFullScale	16	static
../Drivers/BSP/Components/lsm303agr/lsm303agr.c:1025:9:LSM303AGR_MAG_SetFullScale	16	static
../Drivers/BSP/Components/lsm303agr/lsm303agr.c:1036:9:LSM303AGR_MAG_GetAxesRaw	24	static
../Drivers/BSP/Components/lsm303agr/lsm303agr.c:1060:9:LSM303AGR_MAG_GetAxes	32	static
../Drivers/BSP/Components/lsm303agr/lsm303agr.c:1089:9:LSM303AGR_MAG_Read_Reg	24	static
../Drivers/BSP/Components/lsm303agr/lsm303agr.c:1106:9:LSM303AGR_MAG_Write_Reg	16	static
../Drivers/BSP/Components/lsm303agr/lsm303agr.c:1122:9:LSM303AGR_MAG_Get_DRDY_Status	16	static
../Drivers/BSP/Components/lsm303agr/lsm303agr.c:1138:9:LSM303AGR_MAG_Get_Init_Status	16	static
../Drivers/BSP/Components/lsm303agr/lsm303agr.c:1164:16:LSM303AGR_ACC_GetSensitivityHR	24	static
../Drivers/BSP/Components/lsm303agr/lsm303agr.c:1208:16:LSM303AGR_ACC_GetSensitivityNM	24	static
../Drivers/BSP/Components/lsm303agr/lsm303agr.c:1252:16:LSM303AGR_ACC_GetSensitivityLP	24	static
../Drivers/BSP/Components/lsm303agr/lsm303agr.c:1296:16:LSM303AGR_ACC_SetOutputDataRate_When_Enabled	24	static
../Drivers/BSP/Components/lsm303agr/lsm303agr.c:1323:16:LSM303AGR_ACC_SetOutputDataRate_When_Disabled	16	static
../Drivers/BSP/Components/lsm303agr/lsm303agr.c:1344:16:ReadAccRegWrap	40	static
../Drivers/BSP/Components/lsm303agr/lsm303agr.c:1368:16:WriteAccRegWrap	40	static
../Drivers/BSP/Components/lsm303agr/lsm303agr.c:1392:16:ReadMagRegWrap	40	static
../Drivers/BSP/Components/lsm303agr/lsm303agr.c:1416:16:WriteMagRegWrap	40	static
